[themes.pixelstrap.com/multikart/back-end/index.html]
[backblue.gif]
[fade.gif]
[index.html]
[themes.pixelstrap.com/multikart/back-end/assets/images/dashboard/favicon.png]
[themes.pixelstrap.com/multikart/back-end/assets/css/vendors/font-awesome.css]
[themes.pixelstrap.com/multikart/back-end/assets/css/vendors/flag-icon.css]
[themes.pixelstrap.com/multikart/back-end/assets/css/vendors/icofont.css]
[themes.pixelstrap.com/multikart/back-end/assets/css/vendors/prism.css]
[themes.pixelstrap.com/multikart/back-end/assets/css/vendors/chartist.css]
[themes.pixelstrap.com/multikart/back-end/assets/css/vendors/bootstrap.css]
[themes.pixelstrap.com/multikart/back-end/assets/css/style.css]
[themes.pixelstrap.com/multikart/back-end/index-2.html]
[themes.pixelstrap.com/multikart/back-end/assets/images/dashboard/multikart-logo-black.png]
[themes.pixelstrap.com/multikart/back-end/assets/images/dashboard/user3.jpg]
[themes.pixelstrap.com/multikart/back-end/assets/images/dashboard/multikart-logo.png]
[themes.pixelstrap.com/multikart/back-end/category.html]
[themes.pixelstrap.com/multikart/back-end/category-sub.html]
[themes.pixelstrap.com/multikart/back-end/product-list.html]
[themes.pixelstrap.com/multikart/back-end/product-detail.html]
[themes.pixelstrap.com/multikart/back-end/add-product.html]
[themes.pixelstrap.com/multikart/back-end/category-digital.html]
[themes.pixelstrap.com/multikart/back-end/category-digitalsub.html]
[themes.pixelstrap.com/multikart/back-end/product-listdigital.html]
[themes.pixelstrap.com/multikart/back-end/add-digital-product.html]
[themes.pixelstrap.com/multikart/back-end/order-list.html]
[themes.pixelstrap.com/multikart/back-end/product-review.html]
[themes.pixelstrap.com/multikart/back-end/order-tracking.html]
[themes.pixelstrap.com/multikart/back-end/order-detail.html]
[themes.pixelstrap.com/multikart/back-end/order.html]
[themes.pixelstrap.com/multikart/back-end/transactions.html]
[themes.pixelstrap.com/multikart/back-end/coupon-list.html]
[themes.pixelstrap.com/multikart/back-end/coupon-create.html]
[themes.pixelstrap.com/multikart/back-end/pages-list.html]
[themes.pixelstrap.com/multikart/back-end/page-create.html]
[themes.pixelstrap.com/multikart/back-end/media.html]
[themes.pixelstrap.com/multikart/back-end/menu-list.html]
[themes.pixelstrap.com/multikart/back-end/create-menu.html]
[themes.pixelstrap.com/multikart/back-end/user-list.html]
[themes.pixelstrap.com/multikart/back-end/create-user.html]
[themes.pixelstrap.com/multikart/back-end/list-vendor.html]
[themes.pixelstrap.com/multikart/back-end/create-vendors.html]
[themes.pixelstrap.com/multikart/back-end/translations.html]
[themes.pixelstrap.com/multikart/back-end/currency-rates.html]
[themes.pixelstrap.com/multikart/back-end/taxes.html]
[themes.pixelstrap.com/multikart/back-end/support-ticket.html]
[themes.pixelstrap.com/multikart/back-end/reports.html]
[themes.pixelstrap.com/multikart/back-end/profile.html]
[themes.pixelstrap.com/multikart/back-end/invoice.html]
[themes.pixelstrap.com/multikart/back-end/forgot-password.html]
[themes.pixelstrap.com/multikart/back-end/login.html]
[themes.pixelstrap.com/multikart/back-end/assets/images/dashboard/user.jpg]
[themes.pixelstrap.com/multikart/back-end/assets/images/dashboard/user1.jpg]
[themes.pixelstrap.com/multikart/back-end/assets/images/dashboard/user2.jpg]
[themes.pixelstrap.com/multikart/back-end/assets/images/dashboard/user5.jpg]
[themes.pixelstrap.com/multikart/back-end/assets/images/dashboard/designer.jpg]
[themes.pixelstrap.com/multikart/back-end/assets/js/jquery-3.3.1.min.js]
[themes.pixelstrap.com/multikart/back-end/assets/js/bootstrap.bundle.min.js]
[themes.pixelstrap.com/multikart/back-end/assets/js/icons/feather-icon/feather.min.js]
[themes.pixelstrap.com/multikart/back-end/assets/js/icons/feather-icon/feather-icon.js]
[themes.pixelstrap.com/multikart/back-end/assets/js/sidebar-menu.js]
[themes.pixelstrap.com/multikart/back-end/assets/js/chart/chartist/chartist.js]
[themes.pixelstrap.com/multikart/back-end/assets/js/chart/chartjs/chart.min.js]
[themes.pixelstrap.com/multikart/back-end/assets/js/lazysizes.min.js]
[themes.pixelstrap.com/multikart/back-end/assets/js/prism/prism.min.js]
[themes.pixelstrap.com/multikart/back-end/assets/js/clipboard/clipboard.min.js]
[themes.pixelstrap.com/multikart/back-end/assets/js/custom-card/custom-card.js]
[themes.pixelstrap.com/multikart/back-end/assets/js/counter/jquery.waypoints.min.js]
[themes.pixelstrap.com/multikart/back-end/assets/js/counter/jquery.counterup.min.js]
[themes.pixelstrap.com/multikart/back-end/assets/js/counter/counter-custom.js]
[themes.pixelstrap.com/multikart/back-end/assets/js/chart/peity-chart/peity.jquery.js]
[themes.pixelstrap.com/multikart/back-end/assets/js/chart/sparkline/sparkline.js]
[themes.pixelstrap.com/multikart/back-end/assets/js/admin-customizer.js]
[themes.pixelstrap.com/multikart/back-end/assets/js/dashboard/default.js]
[themes.pixelstrap.com/multikart/back-end/assets/js/chat-menu.js]
[themes.pixelstrap.com/multikart/back-end/assets/js/height-equal.js]
[themes.pixelstrap.com/multikart/back-end/assets/js/admin-script.js]
[themes.pixelstrap.com/multikart/back-end/index.html]
[themes.pixelstrap.com/multikart/back-end/assets/fonts/fontawesome-webfont3e6e.eot]
[themes.pixelstrap.com/multikart/back-end/assets/fonts/fontawesome-webfontd41d.eot]
[themes.pixelstrap.com/multikart/back-end/assets/fonts/fontawesome-webfont3e6e.woff2]
[themes.pixelstrap.com/multikart/back-end/assets/fonts/fontawesome-webfont3e6e.woff]
[themes.pixelstrap.com/multikart/back-end/assets/fonts/fontawesome-webfont3e6e.ttf]
[themes.pixelstrap.com/multikart/back-end/assets/css/vendors/font-awesome.css]
[themes.pixelstrap.com/multikart/back-end/assets/fonts/fontawesome-webfont3e6e.svg]
[themes.pixelstrap.com/multikart/back-end/assets/fonts/flag-icon/eu.svg]
[themes.pixelstrap.com/multikart/back-end/assets/fonts/flag-icon/gb-nir.svg]
[themes.pixelstrap.com/multikart/back-end/assets/fonts/flag-icon/gb-wls.svg]
[themes.pixelstrap.com/multikart/back-end/assets/fonts/flag-icon/un.svg]
[themes.pixelstrap.com/multikart/back-end/assets/fonts/flag-icon/ad.svg]
[themes.pixelstrap.com/multikart/back-end/assets/fonts/flag-icon/af.svg]
[themes.pixelstrap.com/multikart/back-end/assets/fonts/flag-icon/ag.svg]
[themes.pixelstrap.com/multikart/back-end/assets/fonts/flag-icon/ai.svg]
[themes.pixelstrap.com/multikart/back-end/assets/fonts/flag-icon/al.svg]
[themes.pixelstrap.com/multikart/back-end/assets/fonts/flag-icon/ao.svg]
[themes.pixelstrap.com/multikart/back-end/assets/fonts/flag-icon/aq.svg]
[themes.pixelstrap.com/multikart/back-end/assets/fonts/flag-icon/ar.svg]
[themes.pixelstrap.com/multikart/back-end/assets/fonts/flag-icon/as.svg]
[themes.pixelstrap.com/multikart/back-end/assets/fonts/flag-icon/au.svg]
[themes.pixelstrap.com/multikart/back-end/assets/fonts/flag-icon/aw.svg]
[themes.pixelstrap.com/multikart/back-end/assets/fonts/flag-icon/ax.svg]
[themes.pixelstrap.com/multikart/back-end/assets/fonts/flag-icon/az.svg]
[themes.pixelstrap.com/multikart/back-end/assets/fonts/flag-icon/ba.svg]
[themes.pixelstrap.com/multikart/back-end/assets/fonts/flag-icon/bb.svg]
[themes.pixelstrap.com/multikart/back-end/assets/fonts/flag-icon/be.svg]
[themes.pixelstrap.com/multikart/back-end/assets/fonts/flag-icon/bf.svg]
[themes.pixelstrap.com/multikart/back-end/assets/fonts/flag-icon/bg.svg]
[themes.pixelstrap.com/multikart/back-end/assets/fonts/flag-icon/bh.svg]
[themes.pixelstrap.com/multikart/back-end/assets/fonts/flag-icon/bi.svg]
[themes.pixelstrap.com/multikart/back-end/assets/fonts/flag-icon/bj.svg]
[themes.pixelstrap.com/multikart/back-end/assets/fonts/flag-icon/bl.svg]
[themes.pixelstrap.com/multikart/back-end/assets/fonts/flag-icon/bm.svg]
[themes.pixelstrap.com/multikart/back-end/assets/fonts/flag-icon/bn.svg]
[themes.pixelstrap.com/multikart/back-end/assets/fonts/flag-icon/bo.svg]
[themes.pixelstrap.com/multikart/back-end/assets/fonts/flag-icon/br.svg]
[themes.pixelstrap.com/multikart/back-end/assets/fonts/flag-icon/bs.svg]
[themes.pixelstrap.com/multikart/back-end/assets/fonts/flag-icon/bt.svg]
[themes.pixelstrap.com/multikart/back-end/assets/fonts/flag-icon/bv.svg]
[themes.pixelstrap.com/multikart/back-end/assets/fonts/flag-icon/by.svg]
[themes.pixelstrap.com/multikart/back-end/assets/fonts/flag-icon/bz.svg]
[themes.pixelstrap.com/multikart/back-end/assets/fonts/flag-icon/ca.svg]
[themes.pixelstrap.com/multikart/back-end/assets/fonts/flag-icon/cc.svg]
[themes.pixelstrap.com/multikart/back-end/assets/fonts/flag-icon/cd.svg]
[themes.pixelstrap.com/multikart/back-end/assets/fonts/flag-icon/cf.svg]
[themes.pixelstrap.com/multikart/back-end/assets/fonts/flag-icon/cg.svg]
[themes.pixelstrap.com/multikart/back-end/assets/fonts/flag-icon/ch.svg]
[themes.pixelstrap.com/multikart/back-end/assets/fonts/flag-icon/ck.svg]
[themes.pixelstrap.com/multikart/back-end/assets/fonts/flag-icon/cl.svg]
[themes.pixelstrap.com/multikart/back-end/assets/fonts/flag-icon/cm.svg]
[themes.pixelstrap.com/multikart/back-end/assets/fonts/flag-icon/cn.svg]
[themes.pixelstrap.com/multikart/back-end/assets/fonts/flag-icon/cr.svg]
[themes.pixelstrap.com/multikart/back-end/assets/fonts/flag-icon/cu.svg]
[themes.pixelstrap.com/multikart/back-end/assets/fonts/flag-icon/cv.svg]
[themes.pixelstrap.com/multikart/back-end/assets/fonts/flag-icon/cw.svg]
[themes.pixelstrap.com/multikart/back-end/assets/fonts/flag-icon/cx.svg]
[themes.pixelstrap.com/multikart/back-end/assets/fonts/flag-icon/cy.svg]
[themes.pixelstrap.com/multikart/back-end/assets/fonts/flag-icon/cz.svg]
[themes.pixelstrap.com/multikart/back-end/assets/fonts/flag-icon/dj.svg]
[themes.pixelstrap.com/multikart/back-end/assets/fonts/flag-icon/dm.svg]
[themes.pixelstrap.com/multikart/back-end/assets/fonts/flag-icon/do.svg]
[themes.pixelstrap.com/multikart/back-end/assets/fonts/flag-icon/dz.svg]
[themes.pixelstrap.com/multikart/back-end/assets/fonts/flag-icon/ec.svg]
[themes.pixelstrap.com/multikart/back-end/assets/fonts/flag-icon/ee.svg]
[themes.pixelstrap.com/multikart/back-end/assets/fonts/flag-icon/eg.svg]
[themes.pixelstrap.com/multikart/back-end/assets/fonts/flag-icon/eh.svg]
[themes.pixelstrap.com/multikart/back-end/assets/fonts/flag-icon/er.svg]
[themes.pixelstrap.com/multikart/back-end/assets/fonts/flag-icon/es.svg]
[themes.pixelstrap.com/multikart/back-end/assets/fonts/flag-icon/et.svg]
[themes.pixelstrap.com/multikart/back-end/assets/fonts/flag-icon/fj.svg]
[themes.pixelstrap.com/multikart/back-end/assets/fonts/flag-icon/fk.svg]
[themes.pixelstrap.com/multikart/back-end/assets/fonts/flag-icon/fm.svg]
[themes.pixelstrap.com/multikart/back-end/assets/fonts/flag-icon/fo.svg]
[themes.pixelstrap.com/multikart/back-end/assets/fonts/flag-icon/fr.svg]
[themes.pixelstrap.com/multikart/back-end/assets/fonts/flag-icon/gb.svg]
[themes.pixelstrap.com/multikart/back-end/assets/fonts/flag-icon/gd.svg]
[themes.pixelstrap.com/multikart/back-end/assets/fonts/flag-icon/ge.svg]
[themes.pixelstrap.com/multikart/back-end/assets/fonts/flag-icon/gg.svg]
[themes.pixelstrap.com/multikart/back-end/assets/fonts/flag-icon/gh.svg]
[themes.pixelstrap.com/multikart/back-end/assets/fonts/flag-icon/gi.svg]
[themes.pixelstrap.com/multikart/back-end/assets/fonts/flag-icon/gl.svg]
[themes.pixelstrap.com/multikart/back-end/assets/fonts/flag-icon/gm.svg]
[themes.pixelstrap.com/multikart/back-end/assets/fonts/flag-icon/gn.svg]
[themes.pixelstrap.com/multikart/back-end/assets/fonts/flag-icon/gp.svg]
[themes.pixelstrap.com/multikart/back-end/assets/fonts/flag-icon/gq.svg]
[themes.pixelstrap.com/multikart/back-end/assets/fonts/flag-icon/gr.svg]
[themes.pixelstrap.com/multikart/back-end/assets/fonts/flag-icon/gs.svg]
[themes.pixelstrap.com/multikart/back-end/assets/fonts/flag-icon/gt.svg]
[themes.pixelstrap.com/multikart/back-end/assets/fonts/flag-icon/gu.svg]
[themes.pixelstrap.com/multikart/back-end/assets/fonts/flag-icon/gw.svg]
[themes.pixelstrap.com/multikart/back-end/assets/fonts/flag-icon/gy.svg]
[themes.pixelstrap.com/multikart/back-end/assets/fonts/flag-icon/hk.svg]
[themes.pixelstrap.com/multikart/back-end/assets/fonts/flag-icon/hm.svg]
[themes.pixelstrap.com/multikart/back-end/assets/fonts/flag-icon/hn.svg]
[themes.pixelstrap.com/multikart/back-end/assets/fonts/flag-icon/hr.svg]
[themes.pixelstrap.com/multikart/back-end/assets/fonts/flag-icon/ht.svg]
[themes.pixelstrap.com/multikart/back-end/assets/fonts/flag-icon/hu.svg]
[themes.pixelstrap.com/multikart/back-end/assets/fonts/flag-icon/ie.svg]
[themes.pixelstrap.com/multikart/back-end/assets/fonts/flag-icon/il.svg]
[themes.pixelstrap.com/multikart/back-end/assets/fonts/flag-icon/im.svg]
[themes.pixelstrap.com/multikart/back-end/assets/fonts/flag-icon/in.svg]
[themes.pixelstrap.com/multikart/back-end/assets/fonts/flag-icon/io.svg]
[themes.pixelstrap.com/multikart/back-end/assets/fonts/flag-icon/iq.svg]
[themes.pixelstrap.com/multikart/back-end/assets/fonts/flag-icon/ir.svg]
[themes.pixelstrap.com/multikart/back-end/assets/fonts/flag-icon/is.svg]
[themes.pixelstrap.com/multikart/back-end/assets/fonts/flag-icon/it.svg]
[themes.pixelstrap.com/multikart/back-end/assets/fonts/flag-icon/je.svg]
[themes.pixelstrap.com/multikart/back-end/assets/fonts/flag-icon/jm.svg]
[themes.pixelstrap.com/multikart/back-end/assets/fonts/flag-icon/jo.svg]
[themes.pixelstrap.com/multikart/back-end/assets/fonts/flag-icon/jp.svg]
[themes.pixelstrap.com/multikart/back-end/assets/fonts/flag-icon/ke.svg]
[themes.pixelstrap.com/multikart/back-end/assets/fonts/flag-icon/kg.svg]
[themes.pixelstrap.com/multikart/back-end/assets/fonts/flag-icon/kh.svg]
[themes.pixelstrap.com/multikart/back-end/assets/fonts/flag-icon/ki.svg]
[themes.pixelstrap.com/multikart/back-end/assets/fonts/flag-icon/km.svg]
[themes.pixelstrap.com/multikart/back-end/assets/fonts/flag-icon/kn.svg]
[themes.pixelstrap.com/multikart/back-end/assets/fonts/flag-icon/kp.svg]
[themes.pixelstrap.com/multikart/back-end/assets/fonts/flag-icon/kr.svg]
[themes.pixelstrap.com/multikart/back-end/assets/fonts/flag-icon/kw.svg]
[themes.pixelstrap.com/multikart/back-end/assets/fonts/flag-icon/ky.svg]
[themes.pixelstrap.com/multikart/back-end/assets/fonts/flag-icon/kz.svg]
[themes.pixelstrap.com/multikart/back-end/assets/fonts/flag-icon/la.svg]
[themes.pixelstrap.com/multikart/back-end/assets/fonts/flag-icon/lb.svg]
[themes.pixelstrap.com/multikart/back-end/assets/fonts/flag-icon/lc.svg]
[themes.pixelstrap.com/multikart/back-end/assets/fonts/flag-icon/li.svg]
[themes.pixelstrap.com/multikart/back-end/assets/fonts/flag-icon/lk.svg]
[themes.pixelstrap.com/multikart/back-end/assets/fonts/flag-icon/lr.svg]
[themes.pixelstrap.com/multikart/back-end/assets/fonts/flag-icon/ls.svg]
[themes.pixelstrap.com/multikart/back-end/assets/fonts/flag-icon/lt.svg]
[themes.pixelstrap.com/multikart/back-end/assets/fonts/flag-icon/ly.svg]
[themes.pixelstrap.com/multikart/back-end/assets/fonts/flag-icon/md.svg]
[themes.pixelstrap.com/multikart/back-end/assets/fonts/flag-icon/me.svg]
[themes.pixelstrap.com/multikart/back-end/assets/fonts/flag-icon/mf.svg]
[themes.pixelstrap.com/multikart/back-end/assets/fonts/flag-icon/mg.svg]
[themes.pixelstrap.com/multikart/back-end/assets/fonts/flag-icon/mh.svg]
[themes.pixelstrap.com/multikart/back-end/assets/fonts/flag-icon/mk.svg]
[themes.pixelstrap.com/multikart/back-end/assets/fonts/flag-icon/mm.svg]
[themes.pixelstrap.com/multikart/back-end/assets/fonts/flag-icon/mn.svg]
[themes.pixelstrap.com/multikart/back-end/assets/fonts/flag-icon/mo.svg]
[themes.pixelstrap.com/multikart/back-end/assets/fonts/flag-icon/mp.svg]
[themes.pixelstrap.com/multikart/back-end/assets/fonts/flag-icon/mr.svg]
[themes.pixelstrap.com/multikart/back-end/assets/fonts/flag-icon/ms.svg]
[themes.pixelstrap.com/multikart/back-end/assets/fonts/flag-icon/mt.svg]
[themes.pixelstrap.com/multikart/back-end/assets/fonts/flag-icon/mu.svg]
[themes.pixelstrap.com/multikart/back-end/assets/fonts/flag-icon/mw.svg]
[themes.pixelstrap.com/multikart/back-end/assets/fonts/flag-icon/mx.svg]
[themes.pixelstrap.com/multikart/back-end/assets/fonts/flag-icon/my.svg]
[themes.pixelstrap.com/multikart/back-end/assets/fonts/flag-icon/mz.svg]
[themes.pixelstrap.com/multikart/back-end/assets/fonts/flag-icon/na.svg]
[themes.pixelstrap.com/multikart/back-end/assets/fonts/flag-icon/nc.svg]
[themes.pixelstrap.com/multikart/back-end/assets/fonts/flag-icon/nf.svg]
[themes.pixelstrap.com/multikart/back-end/assets/fonts/flag-icon/ni.svg]
[themes.pixelstrap.com/multikart/back-end/assets/fonts/flag-icon/nl.svg]
[themes.pixelstrap.com/multikart/back-end/assets/fonts/flag-icon/no.svg]
[themes.pixelstrap.com/multikart/back-end/assets/fonts/flag-icon/np.svg]
[themes.pixelstrap.com/multikart/back-end/assets/fonts/flag-icon/nr.svg]
[themes.pixelstrap.com/multikart/back-end/assets/fonts/flag-icon/nu.svg]
[themes.pixelstrap.com/multikart/back-end/assets/fonts/flag-icon/nz.svg]
[themes.pixelstrap.com/multikart/back-end/assets/fonts/flag-icon/om.svg]
[themes.pixelstrap.com/multikart/back-end/assets/fonts/flag-icon/pa.svg]
[themes.pixelstrap.com/multikart/back-end/assets/fonts/flag-icon/pe.svg]
[themes.pixelstrap.com/multikart/back-end/assets/fonts/flag-icon/pf.svg]
[themes.pixelstrap.com/multikart/back-end/assets/fonts/flag-icon/pg.svg]
[themes.pixelstrap.com/multikart/back-end/assets/fonts/flag-icon/ph.svg]
[themes.pixelstrap.com/multikart/back-end/assets/fonts/flag-icon/pk.svg]
[themes.pixelstrap.com/multikart/back-end/assets/fonts/flag-icon/pm.svg]
[themes.pixelstrap.com/multikart/back-end/assets/fonts/flag-icon/pn.svg]
[themes.pixelstrap.com/multikart/back-end/assets/fonts/flag-icon/pr.svg]
[themes.pixelstrap.com/multikart/back-end/assets/fonts/flag-icon/ps.svg]
[themes.pixelstrap.com/multikart/back-end/assets/fonts/flag-icon/pt.svg]
[themes.pixelstrap.com/multikart/back-end/assets/fonts/flag-icon/pw.svg]
[themes.pixelstrap.com/multikart/back-end/assets/fonts/flag-icon/py.svg]
[themes.pixelstrap.com/multikart/back-end/assets/fonts/flag-icon/qa.svg]
[themes.pixelstrap.com/multikart/back-end/assets/fonts/flag-icon/re.svg]
[themes.pixelstrap.com/multikart/back-end/assets/fonts/flag-icon/ro.svg]
[themes.pixelstrap.com/multikart/back-end/assets/fonts/flag-icon/rs.svg]
[themes.pixelstrap.com/multikart/back-end/assets/fonts/flag-icon/rw.svg]
[themes.pixelstrap.com/multikart/back-end/assets/fonts/flag-icon/sa.svg]
[themes.pixelstrap.com/multikart/back-end/assets/fonts/flag-icon/sb.svg]
[themes.pixelstrap.com/multikart/back-end/assets/fonts/flag-icon/sc.svg]
[themes.pixelstrap.com/multikart/back-end/assets/fonts/flag-icon/sd.svg]
[themes.pixelstrap.com/multikart/back-end/assets/fonts/flag-icon/se.svg]
[themes.pixelstrap.com/multikart/back-end/assets/fonts/flag-icon/sg.svg]
[themes.pixelstrap.com/multikart/back-end/assets/fonts/flag-icon/sh.svg]
[themes.pixelstrap.com/multikart/back-end/assets/fonts/flag-icon/si.svg]
[themes.pixelstrap.com/multikart/back-end/assets/fonts/flag-icon/sj.svg]
[themes.pixelstrap.com/multikart/back-end/assets/fonts/flag-icon/sk.svg]
[themes.pixelstrap.com/multikart/back-end/assets/fonts/flag-icon/sm.svg]
[themes.pixelstrap.com/multikart/back-end/assets/fonts/flag-icon/sn.svg]
[themes.pixelstrap.com/multikart/back-end/assets/fonts/flag-icon/so.svg]
[themes.pixelstrap.com/multikart/back-end/assets/fonts/flag-icon/sr.svg]
[themes.pixelstrap.com/multikart/back-end/assets/fonts/flag-icon/ss.svg]
[themes.pixelstrap.com/multikart/back-end/assets/fonts/flag-icon/st.svg]
[themes.pixelstrap.com/multikart/back-end/assets/fonts/flag-icon/sv.svg]
[themes.pixelstrap.com/multikart/back-end/assets/fonts/flag-icon/sx.svg]
[themes.pixelstrap.com/multikart/back-end/assets/fonts/flag-icon/sy.svg]
[themes.pixelstrap.com/multikart/back-end/assets/fonts/flag-icon/sz.svg]
[themes.pixelstrap.com/multikart/back-end/assets/fonts/flag-icon/tc.svg]
[themes.pixelstrap.com/multikart/back-end/assets/fonts/flag-icon/tf.svg]
[themes.pixelstrap.com/multikart/back-end/assets/fonts/flag-icon/tg.svg]
[themes.pixelstrap.com/multikart/back-end/assets/fonts/flag-icon/th.svg]
[themes.pixelstrap.com/multikart/back-end/assets/fonts/flag-icon/tj.svg]
[themes.pixelstrap.com/multikart/back-end/assets/fonts/flag-icon/tk.svg]
[themes.pixelstrap.com/multikart/back-end/assets/fonts/flag-icon/tl.svg]
[themes.pixelstrap.com/multikart/back-end/assets/fonts/flag-icon/tm.svg]
[themes.pixelstrap.com/multikart/back-end/assets/fonts/flag-icon/tn.svg]
[themes.pixelstrap.com/multikart/back-end/assets/fonts/flag-icon/to.svg]
[themes.pixelstrap.com/multikart/back-end/assets/fonts/flag-icon/tr.svg]
[themes.pixelstrap.com/multikart/back-end/assets/fonts/flag-icon/tt.svg]
[themes.pixelstrap.com/multikart/back-end/assets/fonts/flag-icon/tv.svg]
[themes.pixelstrap.com/multikart/back-end/assets/fonts/flag-icon/tw.svg]
[themes.pixelstrap.com/multikart/back-end/assets/fonts/flag-icon/tz.svg]
[themes.pixelstrap.com/multikart/back-end/assets/fonts/flag-icon/ug.svg]
[themes.pixelstrap.com/multikart/back-end/assets/fonts/flag-icon/um.svg]
[themes.pixelstrap.com/multikart/back-end/assets/fonts/flag-icon/us.svg]
[themes.pixelstrap.com/multikart/back-end/assets/fonts/flag-icon/uy.svg]
[themes.pixelstrap.com/multikart/back-end/assets/fonts/flag-icon/uz.svg]
[themes.pixelstrap.com/multikart/back-end/assets/fonts/flag-icon/va.svg]
[themes.pixelstrap.com/multikart/back-end/assets/fonts/flag-icon/vc.svg]
[themes.pixelstrap.com/multikart/back-end/assets/fonts/flag-icon/ve.svg]
[themes.pixelstrap.com/multikart/back-end/assets/fonts/flag-icon/vg.svg]
[themes.pixelstrap.com/multikart/back-end/assets/fonts/flag-icon/vi.svg]
[themes.pixelstrap.com/multikart/back-end/assets/fonts/flag-icon/vn.svg]
[themes.pixelstrap.com/multikart/back-end/assets/fonts/flag-icon/vu.svg]
[themes.pixelstrap.com/multikart/back-end/assets/fonts/flag-icon/wf.svg]
[themes.pixelstrap.com/multikart/back-end/assets/fonts/flag-icon/ws.svg]
[themes.pixelstrap.com/multikart/back-end/assets/fonts/flag-icon/yt.svg]
[themes.pixelstrap.com/multikart/back-end/assets/fonts/flag-icon/za.svg]
[themes.pixelstrap.com/multikart/back-end/assets/fonts/flag-icon/zm.svg]
[themes.pixelstrap.com/multikart/back-end/assets/css/vendors/flag-icon.css]
[themes.pixelstrap.com/multikart/back-end/assets/fonts/flag-icon/zw.svg]
[themes.pixelstrap.com/multikart/back-end/assets/fonts/ico/icofont7858.eot]
[themes.pixelstrap.com/multikart/back-end/assets/fonts/ico/icofont7858.ttf]
[themes.pixelstrap.com/multikart/back-end/assets/css/vendors/icofont.css]
[themes.pixelstrap.com/multikart/back-end/assets/css/vendors/prism.css]
[themes.pixelstrap.com/multikart/back-end/assets/css/vendors/chartist.css]
[themes.pixelstrap.com/multikart/back-end/assets/css/vendors/bootstrap.css]
[themes.pixelstrap.com/multikart/back-end/assets/images/dashboard/sidebarbg.jpg]
[themes.pixelstrap.com/multikart/back-end/assets/fonts/ico/icofont7858.svg]
[themes.pixelstrap.com/multikart/back-end/assets/images/dashboard/login-bg.png]
[themes.pixelstrap.com/multikart/back-end/assets/css/style.css]
[themes.pixelstrap.com/multikart/back-end/index-2.html]
[cdn.linearicons.com/free/1.0.0/icon-font.min.css]
[themes.pixelstrap.com/multikart/back-end/assets/images/dashboard/product/1.jpg]
[themes.pixelstrap.com/multikart/back-end/assets/images/dashboard/product/2.jpg]
[themes.pixelstrap.com/multikart/back-end/assets/images/dashboard/product/3.jpg]
[themes.pixelstrap.com/multikart/back-end/assets/images/dashboard/product/4.jpg]
[themes.pixelstrap.com/multikart/back-end/assets/images/dashboard/product/5.jpg]
[themes.pixelstrap.com/multikart/back-end/assets/images/dashboard/product/6.jpg]
[themes.pixelstrap.com/multikart/back-end/assets/images/dashboard/product/7.jpg]
[themes.pixelstrap.com/multikart/back-end/assets/images/dashboard/product/8.jpg]
[themes.pixelstrap.com/multikart/back-end/assets/images/dashboard/product/9.jpg]
[themes.pixelstrap.com/multikart/back-end/assets/images/dashboard/product/11.jpg]
[themes.pixelstrap.com/multikart/back-end/assets/images/dashboard/product/12.jpg]
[themes.pixelstrap.com/multikart/back-end/assets/images/dashboard/product/13.jpg]
[themes.pixelstrap.com/multikart/back-end/assets/images/dashboard/product/14.jpg]
[themes.pixelstrap.com/multikart/back-end/assets/images/dashboard/product/15.jpg]
[themes.pixelstrap.com/multikart/back-end/assets/images/dashboard/product/16.jpg]
[themes.pixelstrap.com/multikart/back-end/assets/images/dashboard/product/17.jpg]
[themes.pixelstrap.com/multikart/back-end/assets/images/dashboard/product/18.jpg]
[themes.pixelstrap.com/multikart/back-end/assets/images/dashboard/product/19.jpg]
[themes.pixelstrap.com/multikart/back-end/assets/images/dashboard/product/20.jpg]
[themes.pixelstrap.com/multikart/back-end/assets/js/edit-delete-new-product.js]
[themes.pixelstrap.com/multikart/back-end/category.html]
[themes.pixelstrap.com/multikart/back-end/category-sub.html]
[themes.pixelstrap.com/multikart/back-end/assets/css/vendors/themify-icons.css]
[themes.pixelstrap.com/multikart/back-end/assets/images/pro3/34.jpg]
[themes.pixelstrap.com/multikart/back-end/assets/images/electronics/product/1.jpg]
[themes.pixelstrap.com/multikart/back-end/assets/images/furniture/product/1.jpg]
[themes.pixelstrap.com/multikart/back-end/assets/images/fashion/product/17.jpg]
[themes.pixelstrap.com/multikart/back-end/assets/images/furniture/product/2.jpg]
[themes.pixelstrap.com/multikart/back-end/assets/images/fashion/pro/1.jpg]
[themes.pixelstrap.com/multikart/back-end/assets/images/furniture/product/3.jpg]
[themes.pixelstrap.com/multikart/back-end/product-list.html]
[themes.pixelstrap.com/multikart/back-end/assets/images/goggles/product/4.jpg]
[themes.pixelstrap.com/multikart/back-end/assets/css/vendors/owlcarousel.css]
[themes.pixelstrap.com/multikart/back-end/assets/css/vendors/rating.css]
[themes.pixelstrap.com/multikart/back-end/assets/images/pro3/2.jpg]
[themes.pixelstrap.com/multikart/back-end/assets/images/pro3/27.jpg]
[themes.pixelstrap.com/multikart/back-end/assets/images/pro3/1.jpg]
[themes.pixelstrap.com/multikart/back-end/assets/images/size-chart.jpg]
[themes.pixelstrap.com/multikart/back-end/assets/js/touchspin/vendors.min.js]
[themes.pixelstrap.com/multikart/back-end/assets/js/touchspin/touchspin.js]
[themes.pixelstrap.com/multikart/back-end/assets/js/touchspin/input-groups.min.js]
[themes.pixelstrap.com/multikart/back-end/assets/js/rating/jquery.barrating.js]
[themes.pixelstrap.com/multikart/back-end/assets/js/rating/rating-script.js]
[themes.pixelstrap.com/multikart/back-end/assets/js/owlcarousel/owl.carousel.js]
[themes.pixelstrap.com/multikart/back-end/assets/js/dashboard/product-carousel.js]
[themes.pixelstrap.com/multikart/back-end/product-detail.html]
[themes.pixelstrap.com/multikart/back-end/assets/js/dashboard/form-validation-custom.js]
[themes.pixelstrap.com/multikart/back-end/assets/js/editor/ckeditor/ckeditor.js]
[themes.pixelstrap.com/multikart/back-end/assets/js/editor/ckeditor/ckeditor.custom.js]
[themes.pixelstrap.com/multikart/back-end/assets/js/jquery.elevatezoom.js]
[themes.pixelstrap.com/multikart/back-end/assets/js/zoom-scripts.js]
[themes.pixelstrap.com/multikart/back-end/add-product.html]
[themes.pixelstrap.com/multikart/back-end/assets/images/digital-product/graphic-design.png]
[themes.pixelstrap.com/multikart/back-end/assets/images/digital-product/ebooks.png]
[themes.pixelstrap.com/multikart/back-end/assets/images/digital-product/lecture-video-recorder.jpg]
[themes.pixelstrap.com/multikart/back-end/assets/images/digital-product/application.jpg]
[themes.pixelstrap.com/multikart/back-end/assets/images/digital-product/web-dev.jpg]
[themes.pixelstrap.com/multikart/back-end/category-digital.html]
[themes.pixelstrap.com/multikart/back-end/assets/images/digital-product/logo.jpg]
[themes.pixelstrap.com/multikart/back-end/assets/images/digital-product/php.png]
[themes.pixelstrap.com/multikart/back-end/assets/images/digital-product/html.png]
[themes.pixelstrap.com/multikart/back-end/assets/images/digital-product/css.jpg]
[themes.pixelstrap.com/multikart/back-end/assets/images/digital-product/wordpress.jpg]
[themes.pixelstrap.com/multikart/back-end/assets/images/digital-product/3d-design.jpg]
[themes.pixelstrap.com/multikart/back-end/category-digitalsub.html]
[themes.pixelstrap.com/multikart/back-end/product-listdigital.html]
[themes.pixelstrap.com/multikart/back-end/assets/css/vendors/dropzone.css]
[themes.pixelstrap.com/multikart/back-end/assets/js/dropzone/dropzone.js]
[themes.pixelstrap.com/multikart/back-end/assets/js/dropzone/dropzone-script.js]
[themes.pixelstrap.com/multikart/back-end/add-digital-product.html]
[themes.pixelstrap.com/multikart/back-end/assets/css/linearicons.css]
[themes.pixelstrap.com/multikart/back-end/product-review.html]
[themes.pixelstrap.com/multikart/back-end/assets/images/dashboard/product/10.jpg]
[themes.pixelstrap.com/multikart/back-end/order-list.html]
[themes.pixelstrap.com/multikart/back-end/assets/images/fashion/1.jpg]
[themes.pixelstrap.com/multikart/back-end/order-tracking.html]
[themes.pixelstrap.com/multikart/back-end/assets/images/fashion/2.jpg]
[themes.pixelstrap.com/multikart/back-end/assets/images/fashion/3.jpg]
[themes.pixelstrap.com/multikart/back-end/order-detail.html]
[themes.pixelstrap.com/multikart/back-end/assets/css/vendors/datatables.css]
[themes.pixelstrap.com/multikart/back-end/assets/images/electronics/product/25.jpg]
[themes.pixelstrap.com/multikart/back-end/assets/images/electronics/product/13.jpg]
[themes.pixelstrap.com/multikart/back-end/assets/images/electronics/product/16.jpg]
[themes.pixelstrap.com/multikart/back-end/assets/images/electronics/product/12.jpg]
[themes.pixelstrap.com/multikart/back-end/assets/images/electronics/product/3.jpg]
[themes.pixelstrap.com/multikart/back-end/assets/images/electronics/product/14.jpg]
[themes.pixelstrap.com/multikart/back-end/assets/images/electronics/product/6.jpg]
[themes.pixelstrap.com/multikart/back-end/assets/images/furniture/8.jpg]
[themes.pixelstrap.com/multikart/back-end/assets/images/jewellery/pro/18.jpg]
[themes.pixelstrap.com/multikart/back-end/assets/images/fashion/pro/06.jpg]
[themes.pixelstrap.com/multikart/back-end/assets/images/electronics/product/19.jpg]
[themes.pixelstrap.com/multikart/back-end/assets/images/electronics/product/20.jpg]
[themes.pixelstrap.com/multikart/back-end/assets/images/electronics/product/23.jpg]
[themes.pixelstrap.com/multikart/back-end/assets/images/electronics/product/24.jpg]
[themes.pixelstrap.com/multikart/back-end/assets/images/electronics/product/21.jpg]
[themes.pixelstrap.com/multikart/back-end/assets/images/electronics/product/8.jpg]
[themes.pixelstrap.com/multikart/back-end/assets/images/electronics/product/18.jpg]
[themes.pixelstrap.com/multikart/back-end/assets/images/electronics/product/17.jpg]
[themes.pixelstrap.com/multikart/back-end/assets/images/electronics/product/7.jpg]
[themes.pixelstrap.com/multikart/back-end/assets/images/electronics/product/4.jpg]
[themes.pixelstrap.com/multikart/back-end/assets/images/electronics/product/22.jpg]
[themes.pixelstrap.com/multikart/back-end/assets/images/electronics/product/11.jpg]
[themes.pixelstrap.com/multikart/back-end/assets/images/electronics/product/2.jpg]
[themes.pixelstrap.com/multikart/back-end/assets/images/electronics/product/9.jpg]
[themes.pixelstrap.com/multikart/back-end/assets/images/electronics/pro/4.jpg]
[themes.pixelstrap.com/multikart/back-end/assets/images/electronics/pro/5.jpg]
[themes.pixelstrap.com/multikart/back-end/assets/images/fashion/product/19.jpg]
[themes.pixelstrap.com/multikart/back-end/assets/images/fashion/product/14.jpg]
[themes.pixelstrap.com/multikart/back-end/assets/images/furniture/6.jpg]
[themes.pixelstrap.com/multikart/back-end/assets/images/furniture/7.jpg]
[themes.pixelstrap.com/multikart/back-end/assets/images/furniture/product/4.jpg]
[themes.pixelstrap.com/multikart/back-end/assets/images/flower/blog/insta/8.jpg]
[themes.pixelstrap.com/multikart/back-end/assets/images/furniture/product/5.jpg]
[themes.pixelstrap.com/multikart/back-end/assets/images/furniture/product/6.jpg]
[themes.pixelstrap.com/multikart/back-end/assets/images/furniture/product/7.jpg]
[themes.pixelstrap.com/multikart/back-end/assets/images/furniture/product/8.jpg]
[themes.pixelstrap.com/multikart/back-end/assets/images/furniture/product/9.jpg]
[themes.pixelstrap.com/multikart/back-end/assets/images/furniture/product/10.jpg]
[themes.pixelstrap.com/multikart/back-end/assets/images/furniture/product/11.jpg]
[themes.pixelstrap.com/multikart/back-end/assets/images/furniture/product/12.jpg]
[themes.pixelstrap.com/multikart/back-end/assets/images/furniture/product/13.jpg]
[themes.pixelstrap.com/multikart/back-end/assets/images/furniture/product/14.jpg]
[themes.pixelstrap.com/multikart/back-end/assets/images/furniture/product/15.jpg]
[themes.pixelstrap.com/multikart/back-end/assets/images/furniture/product/16.jpg]
[themes.pixelstrap.com/multikart/back-end/assets/images/furniture/product/17.jpg]
[themes.pixelstrap.com/multikart/back-end/assets/js/datatables/jquery.dataTables.min.js]
[themes.pixelstrap.com/multikart/back-end/assets/js/datatables/custom-basic.js]
[themes.pixelstrap.com/multikart/back-end/order.html]
[themes.pixelstrap.com/multikart/back-end/transactions.html]
[themes.pixelstrap.com/multikart/back-end/assets/js/table-row-delete.js]
[themes.pixelstrap.com/multikart/back-end/coupon-list.html]
[themes.pixelstrap.com/multikart/back-end/assets/css/vendors/date-picker.css]
[themes.pixelstrap.com/multikart/back-end/assets/js/datepicker/datepicker.js]
[themes.pixelstrap.com/multikart/back-end/assets/js/datepicker/datepicker.en.js]
[themes.pixelstrap.com/multikart/back-end/assets/js/datepicker/datepicker.custom.js]
[themes.pixelstrap.com/multikart/back-end/coupon-create.html]
[themes.pixelstrap.com/multikart/back-end/pages-list.html]
[themes.pixelstrap.com/multikart/back-end/page-create.html]
[themes.pixelstrap.com/multikart/back-end/media.html]
[themes.pixelstrap.com/multikart/back-end/menu-list.html]
[themes.pixelstrap.com/multikart/back-end/create-menu.html]
[themes.pixelstrap.com/multikart/back-end/assets/images/dashboard/user4.jpg]
[themes.pixelstrap.com/multikart/back-end/user-list.html]
[themes.pixelstrap.com/multikart/back-end/create-user.html]
[themes.pixelstrap.com/multikart/back-end/assets/images/team/2.jpg]
[themes.pixelstrap.com/multikart/back-end/assets/images/dashboard/boy-2.png]
[themes.pixelstrap.com/multikart/back-end/assets/images/team/3.jpg]
[themes.pixelstrap.com/multikart/back-end/assets/images/team/1.jpg]
[themes.pixelstrap.com/multikart/back-end/list-vendor.html]
[themes.pixelstrap.com/multikart/back-end/create-vendors.html]
[themes.pixelstrap.com/multikart/back-end/assets/css/vendors/jsgrid.css]
[themes.pixelstrap.com/multikart/back-end/translations.html]
[themes.pixelstrap.com/multikart/back-end/currency-rates.html]
[themes.pixelstrap.com/multikart/back-end/taxes.html]
[themes.pixelstrap.com/multikart/back-end/support-ticket.html]
[themes.pixelstrap.com/multikart/back-end/assets/js/chart/google/google-chart-loader.js]
[themes.pixelstrap.com/multikart/back-end/reports.html]
[themes.pixelstrap.com/multikart/back-end/assets/js/admin-reports.js]
[themes.pixelstrap.com/multikart/back-end/profile.html]
[themes.pixelstrap.com/multikart/back-end/invoice.html]
[themes.pixelstrap.com/multikart/back-end/assets/css/vendors/slick.css]
[themes.pixelstrap.com/multikart/back-end/assets/css/vendors/slick-theme.css]
[themes.pixelstrap.com/multikart/back-end/forgot-password.html]
[themes.pixelstrap.com/multikart/back-end/assets/js/slick.js]
[themes.pixelstrap.com/multikart/back-end/login.html]
[themes.pixelstrap.com/multikart/back-end/assets/fonts/fontawesome-webfont3e6e.svg]
[themes.pixelstrap.com/multikart/back-end/assets/fonts/flag-icon/es-ct.svg]
[themes.pixelstrap.com/multikart/back-end/assets/fonts/flag-icon/eu.svg]
[themes.pixelstrap.com/multikart/back-end/assets/fonts/flag-icon/gb-eng.svg]
[themes.pixelstrap.com/multikart/back-end/assets/fonts/flag-icon/gb-nir.svg]
[themes.pixelstrap.com/multikart/back-end/assets/fonts/flag-icon/gb-sct.svg]
[themes.pixelstrap.com/multikart/back-end/assets/fonts/flag-icon/gb-wls.svg]
[themes.pixelstrap.com/multikart/back-end/assets/fonts/flag-icon/un.svg]
[themes.pixelstrap.com/multikart/back-end/assets/fonts/flag-icon/ad.svg]
[themes.pixelstrap.com/multikart/back-end/assets/fonts/flag-icon/ae.svg]
[themes.pixelstrap.com/multikart/back-end/assets/fonts/flag-icon/af.svg]
[themes.pixelstrap.com/multikart/back-end/assets/fonts/flag-icon/ag.svg]
[themes.pixelstrap.com/multikart/back-end/assets/fonts/flag-icon/ai.svg]
[themes.pixelstrap.com/multikart/back-end/assets/fonts/flag-icon/al.svg]
[themes.pixelstrap.com/multikart/back-end/assets/fonts/flag-icon/am.svg]
[themes.pixelstrap.com/multikart/back-end/assets/fonts/flag-icon/ao.svg]
[themes.pixelstrap.com/multikart/back-end/assets/fonts/flag-icon/aq.svg]
[themes.pixelstrap.com/multikart/back-end/assets/fonts/flag-icon/ar.svg]
[themes.pixelstrap.com/multikart/back-end/assets/fonts/flag-icon/as.svg]
[themes.pixelstrap.com/multikart/back-end/assets/fonts/flag-icon/at.svg]
[themes.pixelstrap.com/multikart/back-end/assets/fonts/flag-icon/au.svg]
[themes.pixelstrap.com/multikart/back-end/assets/fonts/flag-icon/aw.svg]
[themes.pixelstrap.com/multikart/back-end/assets/fonts/flag-icon/ax.svg]
[themes.pixelstrap.com/multikart/back-end/assets/fonts/flag-icon/az.svg]
[themes.pixelstrap.com/multikart/back-end/assets/fonts/flag-icon/ba.svg]
[themes.pixelstrap.com/multikart/back-end/assets/fonts/flag-icon/bb.svg]
[themes.pixelstrap.com/multikart/back-end/assets/fonts/flag-icon/bd.svg]
[themes.pixelstrap.com/multikart/back-end/assets/fonts/flag-icon/be.svg]
[themes.pixelstrap.com/multikart/back-end/assets/fonts/flag-icon/bf.svg]
[themes.pixelstrap.com/multikart/back-end/assets/fonts/flag-icon/bg.svg]
[themes.pixelstrap.com/multikart/back-end/assets/fonts/flag-icon/bh.svg]
[themes.pixelstrap.com/multikart/back-end/assets/fonts/flag-icon/bi.svg]
[themes.pixelstrap.com/multikart/back-end/assets/fonts/flag-icon/bj.svg]
[themes.pixelstrap.com/multikart/back-end/assets/fonts/flag-icon/bl.svg]
[themes.pixelstrap.com/multikart/back-end/assets/fonts/flag-icon/bm.svg]
[themes.pixelstrap.com/multikart/back-end/assets/fonts/flag-icon/bn.svg]
[themes.pixelstrap.com/multikart/back-end/assets/fonts/flag-icon/bo.svg]
[themes.pixelstrap.com/multikart/back-end/assets/fonts/flag-icon/bq.svg]
[themes.pixelstrap.com/multikart/back-end/assets/fonts/flag-icon/br.svg]
[themes.pixelstrap.com/multikart/back-end/assets/fonts/flag-icon/bs.svg]
[themes.pixelstrap.com/multikart/back-end/assets/fonts/flag-icon/bt.svg]
[themes.pixelstrap.com/multikart/back-end/assets/fonts/flag-icon/bv.svg]
[themes.pixelstrap.com/multikart/back-end/assets/fonts/flag-icon/bw.svg]
[themes.pixelstrap.com/multikart/back-end/assets/fonts/flag-icon/by.svg]
[themes.pixelstrap.com/multikart/back-end/assets/fonts/flag-icon/bz.svg]
[themes.pixelstrap.com/multikart/back-end/assets/fonts/flag-icon/ca.svg]
[themes.pixelstrap.com/multikart/back-end/assets/fonts/flag-icon/cc.svg]
[themes.pixelstrap.com/multikart/back-end/assets/fonts/flag-icon/cd.svg]
[themes.pixelstrap.com/multikart/back-end/assets/fonts/flag-icon/cf.svg]
[themes.pixelstrap.com/multikart/back-end/assets/fonts/flag-icon/cg.svg]
[themes.pixelstrap.com/multikart/back-end/assets/fonts/flag-icon/ch.svg]
[themes.pixelstrap.com/multikart/back-end/assets/fonts/flag-icon/ci.svg]
[themes.pixelstrap.com/multikart/back-end/assets/fonts/flag-icon/ck.svg]
[themes.pixelstrap.com/multikart/back-end/assets/fonts/flag-icon/cl.svg]
[themes.pixelstrap.com/multikart/back-end/assets/fonts/flag-icon/cm.svg]
[themes.pixelstrap.com/multikart/back-end/assets/fonts/flag-icon/cn.svg]
[themes.pixelstrap.com/multikart/back-end/assets/fonts/flag-icon/co.svg]
[themes.pixelstrap.com/multikart/back-end/assets/fonts/flag-icon/cr.svg]
[themes.pixelstrap.com/multikart/back-end/assets/fonts/flag-icon/cu.svg]
[themes.pixelstrap.com/multikart/back-end/assets/fonts/flag-icon/cv.svg]
[themes.pixelstrap.com/multikart/back-end/assets/fonts/flag-icon/cw.svg]
[themes.pixelstrap.com/multikart/back-end/assets/fonts/flag-icon/cx.svg]
[themes.pixelstrap.com/multikart/back-end/assets/fonts/flag-icon/cy.svg]
[themes.pixelstrap.com/multikart/back-end/assets/fonts/flag-icon/cz.svg]
[themes.pixelstrap.com/multikart/back-end/assets/fonts/flag-icon/de.svg]
[themes.pixelstrap.com/multikart/back-end/assets/fonts/flag-icon/dj.svg]
[themes.pixelstrap.com/multikart/back-end/assets/fonts/flag-icon/dk.svg]
[themes.pixelstrap.com/multikart/back-end/assets/fonts/flag-icon/dm.svg]
[themes.pixelstrap.com/multikart/back-end/assets/fonts/flag-icon/do.svg]
[themes.pixelstrap.com/multikart/back-end/assets/fonts/flag-icon/dz.svg]
[themes.pixelstrap.com/multikart/back-end/assets/fonts/flag-icon/ec.svg]
[themes.pixelstrap.com/multikart/back-end/assets/fonts/flag-icon/ee.svg]
[themes.pixelstrap.com/multikart/back-end/assets/fonts/flag-icon/eg.svg]
[themes.pixelstrap.com/multikart/back-end/assets/fonts/flag-icon/eh.svg]
[themes.pixelstrap.com/multikart/back-end/assets/fonts/flag-icon/er.svg]
[themes.pixelstrap.com/multikart/back-end/assets/fonts/flag-icon/es.svg]
[themes.pixelstrap.com/multikart/back-end/assets/fonts/flag-icon/et.svg]
[themes.pixelstrap.com/multikart/back-end/assets/fonts/flag-icon/fi.svg]
[themes.pixelstrap.com/multikart/back-end/assets/fonts/flag-icon/fj.svg]
[themes.pixelstrap.com/multikart/back-end/assets/fonts/flag-icon/fk.svg]
[themes.pixelstrap.com/multikart/back-end/assets/fonts/flag-icon/fm.svg]
[themes.pixelstrap.com/multikart/back-end/assets/fonts/flag-icon/fo.svg]
[themes.pixelstrap.com/multikart/back-end/assets/fonts/flag-icon/fr.svg]
[themes.pixelstrap.com/multikart/back-end/assets/fonts/flag-icon/ga.svg]
[themes.pixelstrap.com/multikart/back-end/assets/fonts/flag-icon/gb.svg]
[themes.pixelstrap.com/multikart/back-end/assets/fonts/flag-icon/gd.svg]
[themes.pixelstrap.com/multikart/back-end/assets/fonts/flag-icon/ge.svg]
[themes.pixelstrap.com/multikart/back-end/assets/fonts/flag-icon/gf.svg]
[themes.pixelstrap.com/multikart/back-end/assets/fonts/flag-icon/gg.svg]
[themes.pixelstrap.com/multikart/back-end/assets/fonts/flag-icon/gh.svg]
[themes.pixelstrap.com/multikart/back-end/assets/fonts/flag-icon/gi.svg]
[themes.pixelstrap.com/multikart/back-end/assets/fonts/flag-icon/gl.svg]
[themes.pixelstrap.com/multikart/back-end/assets/fonts/flag-icon/gm.svg]
[themes.pixelstrap.com/multikart/back-end/assets/fonts/flag-icon/gn.svg]
[themes.pixelstrap.com/multikart/back-end/assets/fonts/flag-icon/gp.svg]
[themes.pixelstrap.com/multikart/back-end/assets/fonts/flag-icon/gq.svg]
[themes.pixelstrap.com/multikart/back-end/assets/fonts/flag-icon/gr.svg]
[themes.pixelstrap.com/multikart/back-end/assets/fonts/flag-icon/gs.svg]
[themes.pixelstrap.com/multikart/back-end/assets/fonts/flag-icon/gt.svg]
[themes.pixelstrap.com/multikart/back-end/assets/fonts/flag-icon/gu.svg]
[themes.pixelstrap.com/multikart/back-end/assets/fonts/flag-icon/gw.svg]
[themes.pixelstrap.com/multikart/back-end/assets/fonts/flag-icon/gy.svg]
[themes.pixelstrap.com/multikart/back-end/assets/fonts/flag-icon/hk.svg]
[themes.pixelstrap.com/multikart/back-end/assets/fonts/flag-icon/hm.svg]
[themes.pixelstrap.com/multikart/back-end/assets/fonts/flag-icon/hn.svg]
[themes.pixelstrap.com/multikart/back-end/assets/fonts/flag-icon/hr.svg]
[themes.pixelstrap.com/multikart/back-end/assets/fonts/flag-icon/ht.svg]
[themes.pixelstrap.com/multikart/back-end/assets/fonts/flag-icon/hu.svg]
[themes.pixelstrap.com/multikart/back-end/assets/fonts/flag-icon/id.svg]
[themes.pixelstrap.com/multikart/back-end/assets/fonts/flag-icon/ie.svg]
[themes.pixelstrap.com/multikart/back-end/assets/fonts/flag-icon/il.svg]
[themes.pixelstrap.com/multikart/back-end/assets/fonts/flag-icon/im.svg]
[themes.pixelstrap.com/multikart/back-end/assets/fonts/flag-icon/in.svg]
[themes.pixelstrap.com/multikart/back-end/assets/fonts/flag-icon/io.svg]
[themes.pixelstrap.com/multikart/back-end/assets/fonts/flag-icon/iq.svg]
[themes.pixelstrap.com/multikart/back-end/assets/fonts/flag-icon/ir.svg]
[themes.pixelstrap.com/multikart/back-end/assets/fonts/flag-icon/is.svg]
[themes.pixelstrap.com/multikart/back-end/assets/fonts/flag-icon/it.svg]
[themes.pixelstrap.com/multikart/back-end/assets/fonts/flag-icon/je.svg]
[themes.pixelstrap.com/multikart/back-end/assets/fonts/flag-icon/jm.svg]
[themes.pixelstrap.com/multikart/back-end/assets/fonts/flag-icon/jo.svg]
[themes.pixelstrap.com/multikart/back-end/assets/fonts/flag-icon/jp.svg]
[themes.pixelstrap.com/multikart/back-end/assets/fonts/flag-icon/ke.svg]
[themes.pixelstrap.com/multikart/back-end/assets/fonts/flag-icon/kg.svg]
[themes.pixelstrap.com/multikart/back-end/assets/fonts/flag-icon/kh.svg]
[themes.pixelstrap.com/multikart/back-end/assets/fonts/flag-icon/ki.svg]
[themes.pixelstrap.com/multikart/back-end/assets/fonts/flag-icon/km.svg]
[themes.pixelstrap.com/multikart/back-end/assets/fonts/flag-icon/kn.svg]
[themes.pixelstrap.com/multikart/back-end/assets/fonts/flag-icon/kp.svg]
[themes.pixelstrap.com/multikart/back-end/assets/fonts/flag-icon/kr.svg]
[themes.pixelstrap.com/multikart/back-end/assets/fonts/flag-icon/kw.svg]
[themes.pixelstrap.com/multikart/back-end/assets/fonts/flag-icon/ky.svg]
[themes.pixelstrap.com/multikart/back-end/assets/fonts/flag-icon/kz.svg]
[themes.pixelstrap.com/multikart/back-end/assets/fonts/flag-icon/la.svg]
[themes.pixelstrap.com/multikart/back-end/assets/fonts/flag-icon/lb.svg]
[themes.pixelstrap.com/multikart/back-end/assets/fonts/flag-icon/lc.svg]
[themes.pixelstrap.com/multikart/back-end/assets/fonts/flag-icon/li.svg]
[themes.pixelstrap.com/multikart/back-end/assets/fonts/flag-icon/lk.svg]
[themes.pixelstrap.com/multikart/back-end/assets/fonts/flag-icon/lr.svg]
[themes.pixelstrap.com/multikart/back-end/assets/fonts/flag-icon/ls.svg]
[themes.pixelstrap.com/multikart/back-end/assets/fonts/flag-icon/lt.svg]
[themes.pixelstrap.com/multikart/back-end/assets/fonts/flag-icon/lu.svg]
[themes.pixelstrap.com/multikart/back-end/assets/fonts/flag-icon/lv.svg]
[themes.pixelstrap.com/multikart/back-end/assets/fonts/flag-icon/ly.svg]
[themes.pixelstrap.com/multikart/back-end/assets/fonts/flag-icon/ma.svg]
[themes.pixelstrap.com/multikart/back-end/assets/fonts/flag-icon/mc.svg]
[themes.pixelstrap.com/multikart/back-end/assets/fonts/flag-icon/md.svg]
[themes.pixelstrap.com/multikart/back-end/assets/fonts/flag-icon/me.svg]
[themes.pixelstrap.com/multikart/back-end/assets/fonts/flag-icon/mf.svg]
[themes.pixelstrap.com/multikart/back-end/assets/fonts/flag-icon/mg.svg]
[themes.pixelstrap.com/multikart/back-end/assets/fonts/flag-icon/mh.svg]
[themes.pixelstrap.com/multikart/back-end/assets/fonts/flag-icon/mk.svg]
[themes.pixelstrap.com/multikart/back-end/assets/fonts/flag-icon/ml.svg]
[themes.pixelstrap.com/multikart/back-end/assets/fonts/flag-icon/mm.svg]
[themes.pixelstrap.com/multikart/back-end/assets/fonts/flag-icon/mn.svg]
[themes.pixelstrap.com/multikart/back-end/assets/fonts/flag-icon/mo.svg]
[themes.pixelstrap.com/multikart/back-end/assets/fonts/flag-icon/mp.svg]
[themes.pixelstrap.com/multikart/back-end/assets/fonts/flag-icon/mq.svg]
[themes.pixelstrap.com/multikart/back-end/assets/fonts/flag-icon/mr.svg]
[themes.pixelstrap.com/multikart/back-end/assets/fonts/flag-icon/ms.svg]
[themes.pixelstrap.com/multikart/back-end/assets/fonts/flag-icon/mt.svg]
[themes.pixelstrap.com/multikart/back-end/assets/fonts/flag-icon/mu.svg]
[themes.pixelstrap.com/multikart/back-end/assets/fonts/flag-icon/mv.svg]
[themes.pixelstrap.com/multikart/back-end/assets/fonts/flag-icon/mw.svg]
[themes.pixelstrap.com/multikart/back-end/assets/fonts/flag-icon/mx.svg]
[themes.pixelstrap.com/multikart/back-end/assets/fonts/flag-icon/my.svg]
[themes.pixelstrap.com/multikart/back-end/assets/fonts/flag-icon/mz.svg]
[themes.pixelstrap.com/multikart/back-end/assets/fonts/flag-icon/na.svg]
[themes.pixelstrap.com/multikart/back-end/assets/fonts/flag-icon/nc.svg]
[themes.pixelstrap.com/multikart/back-end/assets/fonts/flag-icon/ne.svg]
[themes.pixelstrap.com/multikart/back-end/assets/fonts/flag-icon/nf.svg]
[themes.pixelstrap.com/multikart/back-end/assets/fonts/flag-icon/ng.svg]
[themes.pixelstrap.com/multikart/back-end/assets/fonts/flag-icon/ni.svg]
[themes.pixelstrap.com/multikart/back-end/assets/fonts/flag-icon/nl.svg]
[themes.pixelstrap.com/multikart/back-end/assets/fonts/flag-icon/no.svg]
[themes.pixelstrap.com/multikart/back-end/assets/fonts/flag-icon/np.svg]
[themes.pixelstrap.com/multikart/back-end/assets/fonts/flag-icon/nr.svg]
[themes.pixelstrap.com/multikart/back-end/assets/fonts/flag-icon/nu.svg]
[themes.pixelstrap.com/multikart/back-end/assets/fonts/flag-icon/nz.svg]
[themes.pixelstrap.com/multikart/back-end/assets/fonts/flag-icon/om.svg]
[themes.pixelstrap.com/multikart/back-end/assets/fonts/flag-icon/pa.svg]
[themes.pixelstrap.com/multikart/back-end/assets/fonts/flag-icon/pe.svg]
[themes.pixelstrap.com/multikart/back-end/assets/fonts/flag-icon/pf.svg]
[themes.pixelstrap.com/multikart/back-end/assets/fonts/flag-icon/pg.svg]
[themes.pixelstrap.com/multikart/back-end/assets/fonts/flag-icon/ph.svg]
[themes.pixelstrap.com/multikart/back-end/assets/fonts/flag-icon/pk.svg]
[themes.pixelstrap.com/multikart/back-end/assets/fonts/flag-icon/pl.svg]
[themes.pixelstrap.com/multikart/back-end/assets/fonts/flag-icon/pm.svg]
[themes.pixelstrap.com/multikart/back-end/assets/fonts/flag-icon/pn.svg]
[themes.pixelstrap.com/multikart/back-end/assets/fonts/flag-icon/pr.svg]
[themes.pixelstrap.com/multikart/back-end/assets/fonts/flag-icon/ps.svg]
[themes.pixelstrap.com/multikart/back-end/assets/fonts/flag-icon/pt.svg]
[themes.pixelstrap.com/multikart/back-end/assets/fonts/flag-icon/pw.svg]
[themes.pixelstrap.com/multikart/back-end/assets/fonts/flag-icon/py.svg]
[themes.pixelstrap.com/multikart/back-end/assets/fonts/flag-icon/qa.svg]
[themes.pixelstrap.com/multikart/back-end/assets/fonts/flag-icon/re.svg]
[themes.pixelstrap.com/multikart/back-end/assets/fonts/flag-icon/ro.svg]
[themes.pixelstrap.com/multikart/back-end/assets/fonts/flag-icon/rs.svg]
[themes.pixelstrap.com/multikart/back-end/assets/fonts/flag-icon/ru.svg]
[themes.pixelstrap.com/multikart/back-end/assets/fonts/flag-icon/rw.svg]
[themes.pixelstrap.com/multikart/back-end/assets/fonts/flag-icon/sa.svg]
[themes.pixelstrap.com/multikart/back-end/assets/fonts/flag-icon/sb.svg]
[themes.pixelstrap.com/multikart/back-end/assets/fonts/flag-icon/sc.svg]
[themes.pixelstrap.com/multikart/back-end/assets/fonts/flag-icon/sd.svg]
[themes.pixelstrap.com/multikart/back-end/assets/fonts/flag-icon/se.svg]
[themes.pixelstrap.com/multikart/back-end/assets/fonts/flag-icon/sg.svg]
[themes.pixelstrap.com/multikart/back-end/assets/fonts/flag-icon/sh.svg]
[themes.pixelstrap.com/multikart/back-end/assets/fonts/flag-icon/si.svg]
[themes.pixelstrap.com/multikart/back-end/assets/fonts/flag-icon/sj.svg]
[themes.pixelstrap.com/multikart/back-end/assets/fonts/flag-icon/sk.svg]
[themes.pixelstrap.com/multikart/back-end/assets/fonts/flag-icon/sl.svg]
[themes.pixelstrap.com/multikart/back-end/assets/fonts/flag-icon/sm.svg]
[themes.pixelstrap.com/multikart/back-end/assets/fonts/flag-icon/sn.svg]
[themes.pixelstrap.com/multikart/back-end/assets/fonts/flag-icon/so.svg]
[themes.pixelstrap.com/multikart/back-end/assets/fonts/flag-icon/sr.svg]
[themes.pixelstrap.com/multikart/back-end/assets/fonts/flag-icon/ss.svg]
[themes.pixelstrap.com/multikart/back-end/assets/fonts/flag-icon/st.svg]
[themes.pixelstrap.com/multikart/back-end/assets/fonts/flag-icon/sv.svg]
[themes.pixelstrap.com/multikart/back-end/assets/fonts/flag-icon/sx.svg]
[themes.pixelstrap.com/multikart/back-end/assets/fonts/flag-icon/sy.svg]
[themes.pixelstrap.com/multikart/back-end/assets/fonts/flag-icon/sz.svg]
[themes.pixelstrap.com/multikart/back-end/assets/fonts/flag-icon/tc.svg]
[themes.pixelstrap.com/multikart/back-end/assets/fonts/flag-icon/td.svg]
[themes.pixelstrap.com/multikart/back-end/assets/fonts/flag-icon/tf.svg]
[themes.pixelstrap.com/multikart/back-end/assets/fonts/flag-icon/tg.svg]
[themes.pixelstrap.com/multikart/back-end/assets/fonts/flag-icon/th.svg]
[themes.pixelstrap.com/multikart/back-end/assets/fonts/flag-icon/tj.svg]
[themes.pixelstrap.com/multikart/back-end/assets/fonts/flag-icon/tk.svg]
[themes.pixelstrap.com/multikart/back-end/assets/fonts/flag-icon/tl.svg]
[themes.pixelstrap.com/multikart/back-end/assets/fonts/flag-icon/tm.svg]
[themes.pixelstrap.com/multikart/back-end/assets/fonts/flag-icon/tn.svg]
[themes.pixelstrap.com/multikart/back-end/assets/fonts/flag-icon/to.svg]
[themes.pixelstrap.com/multikart/back-end/assets/fonts/flag-icon/tr.svg]
[themes.pixelstrap.com/multikart/back-end/assets/fonts/flag-icon/tt.svg]
[themes.pixelstrap.com/multikart/back-end/assets/fonts/flag-icon/tv.svg]
[themes.pixelstrap.com/multikart/back-end/assets/fonts/flag-icon/tw.svg]
[themes.pixelstrap.com/multikart/back-end/assets/fonts/flag-icon/tz.svg]
[themes.pixelstrap.com/multikart/back-end/assets/fonts/flag-icon/ua.svg]
[themes.pixelstrap.com/multikart/back-end/assets/fonts/flag-icon/ug.svg]
[themes.pixelstrap.com/multikart/back-end/assets/fonts/flag-icon/um.svg]
[themes.pixelstrap.com/multikart/back-end/assets/fonts/flag-icon/us.svg]
[themes.pixelstrap.com/multikart/back-end/assets/fonts/flag-icon/uy.svg]
[themes.pixelstrap.com/multikart/back-end/assets/fonts/flag-icon/uz.svg]
[themes.pixelstrap.com/multikart/back-end/assets/fonts/flag-icon/va.svg]
[themes.pixelstrap.com/multikart/back-end/assets/fonts/flag-icon/vc.svg]
[themes.pixelstrap.com/multikart/back-end/assets/fonts/flag-icon/ve.svg]
[themes.pixelstrap.com/multikart/back-end/assets/fonts/flag-icon/vg.svg]
[themes.pixelstrap.com/multikart/back-end/assets/fonts/flag-icon/vi.svg]
[themes.pixelstrap.com/multikart/back-end/assets/fonts/flag-icon/vn.svg]
[themes.pixelstrap.com/multikart/back-end/assets/fonts/flag-icon/vu.svg]
[themes.pixelstrap.com/multikart/back-end/assets/fonts/flag-icon/wf.svg]
[themes.pixelstrap.com/multikart/back-end/assets/fonts/flag-icon/ws.svg]
[themes.pixelstrap.com/multikart/back-end/assets/fonts/flag-icon/ye.svg]
[themes.pixelstrap.com/multikart/back-end/assets/fonts/flag-icon/yt.svg]
[themes.pixelstrap.com/multikart/back-end/assets/fonts/flag-icon/za.svg]
[themes.pixelstrap.com/multikart/back-end/assets/fonts/flag-icon/zm.svg]
[themes.pixelstrap.com/multikart/back-end/assets/fonts/flag-icon/zw.svg]
[themes.pixelstrap.com/multikart/back-end/assets/css/fonts/ico/icofont7858.html]
[themes.pixelstrap.com/multikart/back-end/assets/fonts/ico/icofont7858.svg]
[cdn.linearicons.com/free/1.0.0/icon-font.min.css]
[cdn.linearicons.com/free/1.0.0/Linearicons-Free.eot]
[themes.pixelstrap.com/multikart/back-end/assets/fonts/themify9f24.eot]
[themes.pixelstrap.com/multikart/back-end/assets/fonts/themifyd41d.eot]
[themes.pixelstrap.com/multikart/back-end/assets/fonts/themify9f24.woff]
[themes.pixelstrap.com/multikart/back-end/assets/fonts/themify9f24.ttf]
[themes.pixelstrap.com/multikart/back-end/assets/css/vendors/themify-icons.css]
[themes.pixelstrap.com/multikart/back-end/assets/css/vendors/owlcarousel.css]
[themes.pixelstrap.com/multikart/back-end/assets/fonts/themify9f24.svg]
[themes.pixelstrap.com/multikart/back-end/assets/css/vendors/rating.css]
[themes.pixelstrap.com/multikart/back-end/assets/css/vendors/dropzone.css]
[themes.pixelstrap.com/multikart/back-end/assets/css/linearicons.css]
[themes.pixelstrap.com/multikart/back-end/assets/images/sort_both.png]
[themes.pixelstrap.com/multikart/back-end/assets/images/sort_asc.png]
[themes.pixelstrap.com/multikart/back-end/assets/css/vendors/datatables.css]
[themes.pixelstrap.com/multikart/back-end/assets/css/vendors/date-picker.css]
[themes.pixelstrap.com/multikart/back-end/assets/images/js-grid.png]
[themes.pixelstrap.com/multikart/back-end/assets/css/vendors/jsgrid.css]
[themes.pixelstrap.com/multikart/back-end/assets/css/vendors/slick.css]
[themes.pixelstrap.com/multikart/back-end/assets/images/ajax-loader.gif]
[themes.pixelstrap.com/multikart/back-end/assets/fonts/slick.eot]
[themes.pixelstrap.com/multikart/back-end/assets/fonts/slickd41d.eot]
[themes.pixelstrap.com/multikart/back-end/assets/fonts/slick.woff]
[themes.pixelstrap.com/multikart/back-end/assets/fonts/slick.ttf]
[themes.pixelstrap.com/multikart/back-end/assets/fonts/slick.svg]
[themes.pixelstrap.com/multikart/back-end/assets/css/vendors/slick-theme.css]
[themes.pixelstrap.com/multikart/back-end/assets/fonts/themify9f24.svg]
[themes.pixelstrap.com/multikart/back-end/assets/css/vendors/${file-1x}.html]
[themes.pixelstrap.com/multikart/back-end/assets/css/vendors/${file-2x}.html]
[themes.pixelstrap.com/multikart/back-end/assets/css/vendors/dropzone-spritemap.html]
[themes.pixelstrap.com/multikart/back-end/assets/images/sort_desc.html]
[themes.pixelstrap.com/multikart/back-end/assets/images/sort_asc_disabled.html]
[themes.pixelstrap.com/multikart/back-end/assets/images/sort_desc_disabled.html]
[themes.pixelstrap.com/multikart/back-end/assets/fonts/slick.svg]
